---
source: src/ui/widgets.rs
expression: buffer_to_string(&buf)
---
┌ Profiles ────────────────────────────────────────────────────────────────────┐
│Name                        Protocol         Address              Port        │
│Alpha                       vless            1.1.1.1              443         │
│Beta                        vless            2.2.2.2              80          │
│                                                                              │
│                                                                              │
│                                                                              │
│                                                                              │
│                                                                              │
└──────────────────────────────────────────────────────────────────────────────┘
