---
source: src/ui/layout.rs
expression: "snapshot_terminal(&model, 80, 24)"
---
┌ Traffic ─────────────────────────────────────────────────────────────────────┐
│↑ 0.0 KB/s  ↓ 0.0 KB/s    Total: ↑ 0.0 KB  ↓ 0.0 KB    0 connections          │
└──────────────────────────────────────────────────────────────────────────────┘
┌ Sources ─────────────────────────────┐┌ Logs ────────────────────────────────┐
│No sources. Press p to paste a profile││                                      │
│or subscription URL from clipboard.   ││                                      │
│               ┌ Services ────────────────────────────────────┐               │
│               │                Service routing               │               │
│               │                                              │               │
│               │            Steam     ‹  Direct  ›            │               │
│               │          > Telegram  ‹  Proxy   › *          │               │
│               │                                              │               │
│               │      j/k select, h/l change, Enter, Esc      │               │
│               │                                              │               │
│               │                                              │               │
│               │                                              │               │
│               │                                              │               │
│               └──────────────────────────────────────────────┘               │
│                                      ││                                      │
│                                      ││                                      │
│                                      ││                                      │
│                                      ││                                      │
└──────────────────────────────────────┘└──────────────────────────────────────┘
[DISCONNECTED] [DNS: DoH] [Global] [Geo: 2026-05-31 13:41]
