---
source: src/ui/layout.rs
expression: "snapshot_terminal(&model, 80, 40)"
---
┌ Traffic ─────────────────────────────────────────────────────────────────────┐
│↑ 0.0 KB/s  ↓ 0.0 KB/s    Total: ↑ 0.0 KB  ↓ 0.0 KB    0 connections          │
└──────────────────────────────────────────────────────────────────────────────┘
┌ Sources ─────────────────────────────┐┌ Logs ────────────────────────────────┐
│No sources.┌ Help — Sources ──────────────────────────────────────┐           │
│or subscrip│  Key                Action                           │           │
│           │> Enter              Connect to selected profile      │           │
│           │  p                  Paste from clipboard             │           │
│           │  y                  Yank selected source             │           │
│           │  d                  Delete selected source           │           │
│           │  u                  Update subscription or geo       │           │
│           │  i                  Cycle subscription auto-update   │           │
│           │  e                  Open profiles.json in $EDITOR    │           │
│           │  t                  Test selected profile latency    │           │
│           │  T                  Test all profiles                │           │
│           │  r                  Reconnect                        │           │
│           │  s                  Disconnect                       │           │
│           │  a                  Toggle auto-connect              │           │
│           │  K                  Toggle kill switch               │           │
│           │  m                  Routing mode                     │           │
│           │  o                  Geo region                       │           │
│           │  D                  DNS settings                     │           │
│           │  S                  Service routing                  │           │
│           │  C                  Theme picker                     │           │
│           │  I                  Cycle geo auto-update            │           │
│           │  h/l / Left/Right   Focus Sources / Logs             │           │
│           │  j / Down           Move down                        │           │
│           │  k / Up             Move up                          │           │
│           │  gg                 Go to first                      │           │
│           │  G                  Go to last                       │           │
│           │  q / Esc            Detach TUI                       │           │
│           │  ?                  Show help                        │           │
│           │  Ctrl+C             Quit daemon                      │           │
│           │                Tab: show all commands                │           │
│           │        j/k scroll · gg/G edges · q/Esc/? back        │           │
│           └──────────────────────────────────────────────────────┘           │
│                                      ││                                      │
│                                      ││                                      │
└──────────────────────────────────────┘└──────────────────────────────────────┘
[DISCONNECTED] [DNS: DoH] [Global] [Geo: 2026-05-31 13:41]
