---
source: src/ui/layout.rs
expression: "snapshot_terminal(&model, 80, 20)"
---
┌ Profiles ────────────────────────────┐┌ Logs ────────────────────────────────┐
│Name          Protocol Address  Port  ││                                      │
│Alpha         vless    1.1.1.1  443   ││                                      │
│                                      ││                                      │
│                                      ││                                      │
│               ┌ Confirm ─────────────────────────────────────┐               │
│               │           Delete selected profile?           │               │
│               │                                              │               │
│               │        Press y to confirm, n to cancel       │               │
│               │                                              │               │
│               │                                              │               │
│               │                                              │               │
│               │                                              │               │
│               │                                              │               │
│               └──────────────────────────────────────────────┘               │
│                                      ││                                      │
│                                      ││                                      │
│                                      ││                                      │
└──────────────────────────────────────┘└──────────────────────────────────────┘
[DISCONNECTED] [Global] [Geo: 2026-05-31 13:41]
