---
source: src/ui/layout.rs
assertion_line: 439
expression: "snapshot_terminal(&model, 80, 20)"
---
┌ Profiles ────────────────────────────┐┌ Logs ────────────────────────────────┐
│Name          Protocol Address  Port  ││                                      │
│                                      ││                                      │
│                                      ││                                      │
│                                      ││                                      │
│               ┌ Geo Region ──────────────────────────────────┐               │
│               │               Select geo region              │               │
│               │                                              │               │
│               │                    Russia                    │               │
│               │                    > China                   │               │
│               │              Other (Global only)             │               │
│               │                                              │               │
│               │    j/k navigate, Enter confirm, Esc cancel   │               │
│               │                                              │               │
│               └──────────────────────────────────────────────┘               │
│                                      ││                                      │
│                                      ││                                      │
│                                      ││                                      │
└──────────────────────────────────────┘└──────────────────────────────────────┘
[DISCONNECTED] [Global] [Geo: 2026-05-31 13:41]
