---
source: src/ui/layout.rs
expression: "snapshot_terminal(&model, 80, 20)"
---
┌ Profiles ────────────────────────────┐┌ Logs ────────────────────────────────┐
│Name          Protocol Address  Port  ││                                      │
│                                      ││                                      │
│                                      ││                                      │
│                                      ││                                      │
│               ┌ Routing Mode ────────────────────────────────┐               │
│               │              Select routing mode             │               │
│               │                                              │               │
│               │                    Global                    │               │
│               │                   Bypass RU                  │               │
│               │                   > Only RU                  │               │
│               │                                              │               │
│               │    j/k navigate, Enter confirm, Esc cancel   │               │
│               │                                              │               │
│               └──────────────────────────────────────────────┘               │
│                                      ││                                      │
│                                      ││                                      │
│                                      ││                                      │
└──────────────────────────────────────┘└──────────────────────────────────────┘
[DISCONNECTED] [Global] [Geo: 2026-05-31 13:41]
