---
source: src/ui/layout.rs
expression: "snapshot_terminal(&model, 80, 20)"
---
┌ Traffic ─────────────────────────────────────────────────────────────────────┐
│↑ 0.0 KB/s  ↓ 0.0 KB/s    Total: ↑    0 B  ↓    0 B    0 connections          │
└──────────────────────────────────────────────────────────────────────────────┘
┌ Sources ─────────────────────────────┐┌ Logs ────────────────────────────────┐
│Standalone profiles (2)               ││                                      │
│├ Alpha             vless  1.1.1.1:443││                                      │
│└ Beta              vless  2.2.2.2:443││                                      │
│                                      ││                                      │
│                                      ││                                      │
│                                      ││                                      │
│                                      ││                                      │
│                                      ││                                      │
│                                      ││                                      │
│                                      ││                                      │
│                                      ││                                      │
│                                      ││                                      │
│                                      ││                                      │
│                                      ││                                      │
└──────────────────────────────────────┘└──────────────────────────────────────┘
[CONNECTED] [DNS: DoH] [Global] [Geo: 2026-05-31 13:41]
