---
source: src/ui/layout.rs
expression: "snapshot_terminal(&model, 80, 20)"
---
┌ Profiles ────────────────────────────┐┌ Logs ────────────────────────────────┐
│Name          Protocol Address  Port  ││                                      │
│                                      ││                                      │
│                                      ││                                      │
│                                      ││                                      │
│               ┌ Geo Region ──────────────────────────────────┐               │
│               │               Select geo region              │               │
│               │                                              │               │
│               │                   🇷🇺  Russia                  │               │
│               │                  > 🇨🇳  China                  │               │
│               │                    🇮🇷  Iran                   │               │
│               │           🌍  Global (no geo rules)           │               │
│               │                                              │               │
│               │    j/k navigate, Enter confirm, Esc cancel   │               │
│               └──────────────────────────────────────────────┘               │
│                                      ││                                      │
│                                      ││                                      │
│                                      ││                                      │
└──────────────────────────────────────┘└──────────────────────────────────────┘
[DISCONNECTED] [Global] [Geo: 2026-05-31 13:41]
