---
source: src/ui/layout.rs
assertion_line: 1119
expression: "snapshot_terminal(&model, 80, 24)"
---
┌ Sources ─────────────────────────────┐┌ Logs ────────────────────────────────┐
│No sources. Press p to paste a profile││                                      │
│or subscription URL from clipboard.   ││                                      │
│                                      ││                                      │
│                                      ││                                      │
│                                      ││                                      │
│               ┌ Services ────────────────────────────────────┐               │
│               │                Service routing               │               │
│               │                                              │               │
│               │          > Steam     ‹ Disabled ›            │               │
│               │            Telegram  ‹ Disabled ›            │               │
│               │                                              │               │
│               │      j/k select, h/l change, Enter, Esc      │               │
│               │                                              │               │
│               │                                              │               │
│               │                                              │               │
│               │                                              │               │
│               └──────────────────────────────────────────────┘               │
│                                      ││                                      │
│                                      ││                                      │
│                                      ││                                      │
│                                      ││                                      │
└──────────────────────────────────────┘└──────────────────────────────────────┘
[DISCONNECTED] [DNS: DoH] [Global] [Geo: 2026-05-31 13:41]
